// Jest Snapshot v1, https://goo.gl/fbAQLP

exports[`Email Component should render correctly without props 1`] = `
<div
  className="rea-wrapper"
>
  <input
    autoCapitalize="none"
    domains={
      Array [
        "yahoo.com",
        "hotmail.com",
        "gmail.com",
        "me.com",
        "aol.com",
        "mac.com",
        "live.com",
        "googlemail.com",
        "msn.com",
        "facebook.com",
        "verizon.net",
        "outlook.com",
        "icloud.com",
        "rediffmail.com",
        "zohomail.in",
        "zoho.com",
        "mail.com",
        "protonmail.com",
        "yandex.com",
      ]
    }
    inputMode="email"
    onChange={[Function]}
    onKeyUp={[Function]}
    type="text"
    value=""
  />
</div>
`;
